[11.00ms] CREATE TABLE IF NOT EXISTS `_migrations` (file VARCHAR(255) PRIMARY KEY NOT NULL, applied INTEGER NOT NULL)
[1.00ms] SELECT (1) FROM `_migrations` WHERE `file`='1640988000_aux_init.go' LIMIT 1
[0.00ms] SELECT (1) FROM `_migrations` WHERE `file`='1640988000_init.go' LIMIT 1
[0.00ms] SELECT (1) FROM `_migrations` WHERE `file`='1717233556_v0.23_migrate.go' LIMIT 1
[0.00ms] SELECT (1) FROM `_migrations` WHERE `file`='1717233557_v0.23_migrate2.go' LIMIT 1
[0.00ms] SELECT (1) FROM `_migrations` WHERE `file`='1717233558_v0.23_migrate3.go' LIMIT 1
[0.00ms] SELECT (1) FROM `_migrations` WHERE `file`='1717233559_v0.23_migrate4.go' LIMIT 1
[0.00ms] SELECT (1) FROM `_migrations` WHERE `file`='1763020353_update_default_auth_alert_templates.go' LIMIT 1
[6.00ms] SELECT `_collections`.* FROM `_collections` ORDER BY `rowid` ASC
[0.00ms] SELECT `_params`.* FROM `_params` WHERE `id`='settings'
[0.00ms] SELECT `_collections`.* FROM `_collections` ORDER BY `rowid` ASC
[0.00ms] SELECT `_collections`.* FROM `_collections` WHERE `id`='categories' OR LOWER(`name`)='categories' LIMIT 1
[0.00ms] SELECT `categories`.* FROM `categories` WHERE 1 = 1 ORDER BY `categories`.`sort_order` ASC LIMIT 100
[18.00ms] UPDATE `categories` SET `id`='nsqhxs9qo6a9t3g', `name`='기본', `slug`='base', `sort_order`=1 WHERE `id`='nsqhxs9qo6a9t3g'
2026/07/03 00:49:20 [cms-util] Successfully synced 1 categories to DB.
[1.00ms] SELECT `_collections`.* FROM `_collections` WHERE `id`='orders' OR LOWER(`name`)='orders' LIMIT 1
[0.00ms] SELECT `_collections`.* FROM `_collections` WHERE `id`='pbc_3527180448'
[0.00ms] SELECT count(*) FROM `_collections` WHERE (LOWER(`name`)='orders') AND (`id`<>'pbc_3527180448') LIMIT 1
[2.00ms] SELECT `_collections`.* FROM `_collections` WHERE `id`='orders'
[0.00ms] SELECT `_collections`.* FROM `_collections` WHERE `id`='pbc_3527180448' OR LOWER(`name`)='pbc_3527180448' LIMIT 1
[1.00ms] SELECT `_collections`.* FROM `_collections` WHERE `id`='pbc_3527180448' OR LOWER(`name`)='pbc_3527180448' LIMIT 1
[0.00ms] UPDATE `_collections` SET `createRule`=NULL, `created`='2026-07-02 09:50:31.368Z', `deleteRule`=NULL, `fields`='[{"autogeneratePattern":"[a-z0-9]{15}","hidden":false,"id":"text3208210256","max":15,"min":15,"name":"id","pattern":"^[a-z0-9]+$","presentable":false,"primaryKey":true,"required":true,"system":true,"type":"text"},{"cascadeDelete":false,"collectionId":"_pb_users_auth_","hidden":false,"id":"relation2375276105","maxSelect":0,"minSelect":0,"name":"user","presentable":false,"required":false,"system":false,"type":"relation"},{"autogeneratePattern":"","hidden":false,"id":"text79930299","max":0,"min":0,"name":"payment_id","pattern":"","presentable":false,"primaryKey":false,"required":false,"system":false,"type":"text"},{"hidden":false,"id":"select2063623452","maxSelect":1,"name":"status","presentable":false,"required":false,"system":false,"type":"select","values":["pending","paid","cancelled","refunded","shipping","completed","cancel_requested"]},{"hidden":false,"id":"number1186288468","max":null,"min":null,"name":"total_amount","onlyInt":false,"presentable":false,"required":true,"system":false,"type":"number"},{"hidden":false,"id":"json3776899405","maxSize":0,"name":"items","presentable":false,"required":false,"system":false,"type":"json"},{"hidden":false,"id":"json4013124618","maxSize":0,"name":"guest_info","presentable":false,"required":false,"system":false,"type":"json"},{"autogeneratePattern":"","hidden":false,"id":"text4020170861","max":0,"min":0,"name":"portone_tx_id","pattern":"","presentable":false,"primaryKey":false,"required":false,"system":false,"type":"text"},{"autogeneratePattern":"","hidden":false,"id":"text2913987824","max":0,"min":0,"name":"recipient_name","pattern":"","presentable":false,"primaryKey":false,"required":false,"system":false,"type":"text"},{"autogeneratePattern":"","hidden":false,"id":"text274877542","max":0,"min":0,"name":"recipient_phone","pattern":"","presentable":false,"primaryKey":false,"required":false,"system":false,"type":"text"},{"autogeneratePattern":"","hidden":false,"id":"text3943065925","max":0,"min":0,"name":"shipping_address","pattern":"","presentable":false,"primaryKey":false,"required":false,"system":false,"type":"text"},{"autogeneratePattern":"","hidden":false,"id":"text1623437253","max":0,"min":0,"name":"shipping_address_detail","pattern":"","presentable":false,"primaryKey":false,"required":false,"system":false,"type":"text"},{"autogeneratePattern":"","hidden":false,"id":"text989201960","max":0,"min":0,"name":"shipping_memo","pattern":"","presentable":false,"primaryKey":false,"required":false,"system":false,"type":"text"},{"autogeneratePattern":"","hidden":false,"id":"text3169071870","max":0,"min":0,"name":"courier_name","pattern":"","presentable":false,"primaryKey":false,"required":false,"system":false,"type":"text"},{"autogeneratePattern":"","hidden":false,"id":"text1042062360","max":0,"min":0,"name":"tracking_number","pattern":"","presentable":false,"primaryKey":false,"required":false,"system":false,"type":"text"},{"hidden":false,"id":"autodate_created","name":"created","onCreate":true,"onUpdate":false,"presentable":false,"system":false,"type":"autodate"},{"hidden":false,"id":"autodate_updated","name":"updated","onCreate":true,"onUpdate":true,"presentable":false,"system":false,"type":"autodate"}]', `id`='pbc_3527180448', `indexes`='[]', `listRule`=0x32302f4e6c80, `name`='orders', `options`='{}', `system`=false, `type`='base', `updateRule`=NULL, `updated`='2026-07-02 15:49:20.462Z', `viewRule`=0x32302f4e6c90 WHERE `id`='pbc_3527180448'
[0.00ms] SELECT (1) FROM `sqlite_schema` WHERE (`type` IN ('table', 'view')) AND (LOWER(`name`)=LOWER('orders')) LIMIT 1
[0.00ms] PRAGMA optimize
[0.00ms] SELECT `_collections`.* FROM `_collections` WHERE `type`='view' ORDER BY `rowid` ASC
[0.00ms] SELECT `_collections`.* FROM `_collections` ORDER BY `rowid` ASC
[0.00ms] SELECT `_collections`.* FROM `_collections` WHERE `id`='order_items' OR LOWER(`name`)='order_items' LIMIT 1
[0.00ms] SELECT `_collections`.* FROM `_collections` WHERE `id`='pbc_2456927940'
[0.00ms] SELECT count(*) FROM `_collections` WHERE (LOWER(`name`)='order_items') AND (`id`<>'pbc_2456927940') LIMIT 1
[0.00ms] SELECT `_collections`.* FROM `_collections` WHERE `id`='order_items'
[2.00ms] UPDATE `_collections` SET `createRule`=NULL, `created`='2026-07-02 09:50:31.372Z', `deleteRule`=NULL, `fields`='[{"autogeneratePattern":"[a-z0-9]{15}","hidden":false,"id":"text3208210256","max":15,"min":15,"name":"id","pattern":"^[a-z0-9]+$","presentable":false,"primaryKey":true,"required":true,"system":true,"type":"text"},{"cascadeDelete":true,"collectionId":"pbc_3527180448","hidden":false,"id":"relation4113142680","maxSelect":0,"minSelect":0,"name":"order","presentable":false,"required":true,"system":false,"type":"relation"},{"cascadeDelete":false,"collectionId":"pbc_4092854851","hidden":false,"id":"relation3544843437","maxSelect":0,"minSelect":0,"name":"product","presentable":false,"required":true,"system":false,"type":"relation"},{"hidden":false,"id":"number2683508278","max":null,"min":null,"name":"quantity","onlyInt":false,"presentable":false,"required":true,"system":false,"type":"number"},{"hidden":false,"id":"number1106926802","max":null,"min":null,"name":"unit_price","onlyInt":false,"presentable":false,"required":true,"system":false,"type":"number"}]', `id`='pbc_2456927940', `indexes`='[]', `listRule`=0x32302f7bbca0, `name`='order_items', `options`='{}', `system`=false, `type`='base', `updateRule`=NULL, `updated`='2026-07-02 15:49:20.500Z', `viewRule`=0x32302f7bbcb0 WHERE `id`='pbc_2456927940'
[0.00ms] SELECT (1) FROM `sqlite_schema` WHERE (`type` IN ('table', 'view')) AND (LOWER(`name`)=LOWER('order_items')) LIMIT 1
[0.00ms] PRAGMA optimize
[0.00ms] SELECT `_collections`.* FROM `_collections` WHERE `type`='view' ORDER BY `rowid` ASC
[0.00ms] SELECT `_collections`.* FROM `_collections` ORDER BY `rowid` ASC
2026/07/03 00:49:20 [bootstrap] API rules set for orders & order_items
[0.00ms] CREATE TABLE IF NOT EXISTS `_migrations` (file VARCHAR(255) PRIMARY KEY NOT NULL, applied INTEGER NOT NULL)
[0.00ms] SELECT (1) FROM `_migrations` WHERE `file`='1640988000_aux_init.go' LIMIT 1
[0.00ms] SELECT (1) FROM `_migrations` WHERE `file`='1640988000_init.go' LIMIT 1
[0.00ms] SELECT (1) FROM `_migrations` WHERE `file`='1713230000_schema.js' LIMIT 1
[0.00ms] SELECT (1) FROM `_migrations` WHERE `file`='1713230002_users_schema.js' LIMIT 1
[0.00ms] SELECT (1) FROM `_migrations` WHERE `file`='1713230005_update_products_public.js' LIMIT 1
[0.00ms] SELECT (1) FROM `_migrations` WHERE `file`='1713230006_update_products_images_size.js' LIMIT 1
[0.00ms] SELECT (1) FROM `_migrations` WHERE `file`='1716000000_add_sort_order.js' LIMIT 1
[0.00ms] SELECT (1) FROM `_migrations` WHERE `file`='1717233556_v0.23_migrate.go' LIMIT 1
[0.00ms] SELECT (1) FROM `_migrations` WHERE `file`='1717233557_v0.23_migrate2.go' LIMIT 1
[0.00ms] SELECT (1) FROM `_migrations` WHERE `file`='1717233558_v0.23_migrate3.go' LIMIT 1
[0.00ms] SELECT (1) FROM `_migrations` WHERE `file`='1717233559_v0.23_migrate4.go' LIMIT 1
[0.00ms] SELECT (1) FROM `_migrations` WHERE `file`='1763020353_update_default_auth_alert_templates.go' LIMIT 1
[0.00ms] SELECT (1) FROM `_migrations` WHERE `file`='1777129200_updated_users.js' LIMIT 1
[3.00ms] SELECT (1) FROM `_migrations` WHERE `file`='1777872764_updated_orders.js' LIMIT 1
[0.00ms] SELECT (1) FROM `_migrations` WHERE `file`='1777872838_updated_order_items.js' LIMIT 1
[0.00ms] SELECT (1) FROM `_migrations` WHERE `file`='1777872855_updated_order_items.js' LIMIT 1
[0.00ms] SELECT (1) FROM `_migrations` WHERE `file`='1777872890_updated_orders.js' LIMIT 1
[0.00ms] SELECT (1) FROM `_migrations` WHERE `file`='1779000000_add_discount.js' LIMIT 1
[0.00ms] SELECT (1) FROM `_migrations` WHERE `file`='1780000000_add_shipping_info_to_orders.js' LIMIT 1
[0.00ms] SELECT (1) FROM `_migrations` WHERE `file`='1781000000_add_address_detail_to_users.js' LIMIT 1
[0.00ms] SELECT (1) FROM `_migrations` WHERE `file`='1782000000_add_tracking_info_to_orders.js' LIMIT 1
[0.00ms] SELECT (1) FROM `_migrations` WHERE `file`='1783000000_add_shipping_options_to_orders.js' LIMIT 1
[0.00ms] SELECT (1) FROM `_migrations` WHERE `file`='1784000000_add_product_comments.js' LIMIT 1
[0.00ms] SELECT (1) FROM `_migrations` WHERE `file`='1785000000_add_product_ratings.js' LIMIT 1
[0.00ms] SELECT (1) FROM `_migrations` WHERE `file`='1786000000_add_product_inquiries.js' LIMIT 1
[0.00ms] SELECT `_collections`.* FROM `_collections` WHERE `id`='products' OR LOWER(`name`)='products' LIMIT 1
[0.00ms] SELECT `_collections`.* FROM `_collections` WHERE `id`='users' OR LOWER(`name`)='users' LIMIT 1
[0.00ms] SELECT (1) FROM `_collections` WHERE `id`='pbc_4070591049' LIMIT 1
[0.00ms] SELECT (1) FROM `_collections` WHERE `id`='pbc_4070591049' LIMIT 1
[0.00ms] SELECT `id` FROM `_collections` WHERE `id`='pbc_4070591049' LIMIT 1
[0.00ms] SELECT count(*) FROM `_collections` WHERE (LOWER(`name`)='product_inquiries') AND (`id`<>'pbc_3233087073') LIMIT 1
[0.00ms] SELECT `_collections`.* FROM `_collections` WHERE `id`='product_inquiries'
[0.00ms] SELECT count(*) FROM `_collections` WHERE LOWER(`name`)='product_inquiries' LIMIT 1
[0.00ms] SELECT (1) FROM `sqlite_schema` WHERE (`type` IN ('table', 'view')) AND (LOWER(`name`)=LOWER('product_inquiries')) LIMIT 1
[0.00ms] INSERT INTO `_collections` (`createRule`, `created`, `deleteRule`, `fields`, `id`, `indexes`, `listRule`, `name`, `options`, `system`, `type`, `updateRule`, `updated`, `viewRule`) VALUES (NULL, '2026-07-02 15:49:20.711Z', NULL, '[{"autogeneratePattern":"[a-z0-9]{15}","hidden":false,"id":"text3208210256","max":15,"min":15,"name":"id","pattern":"^[a-z0-9]+$","presentable":false,"primaryKey":true,"required":true,"system":true,"type":"text"},{"cascadeDelete":true,"collectionId":"pbc_4092854851","hidden":false,"id":"relation3544843437","maxSelect":0,"minSelect":0,"name":"product","presentable":false,"required":true,"system":false,"type":"relation"},{"cascadeDelete":false,"collectionId":"_pb_users_auth_","hidden":false,"id":"relation2375276105","maxSelect":0,"minSelect":0,"name":"user","presentable":false,"required":true,"system":false,"type":"relation"},{"autogeneratePattern":"","hidden":false,"id":"text3133994713","max":0,"min":0,"name":"author_name","pattern":"","presentable":false,"primaryKey":false,"required":false,"system":false,"type":"text"},{"autogeneratePattern":"","hidden":false,"id":"text724990059","max":0,"min":0,"name":"title","pattern":"","presentable":false,"primaryKey":false,"required":true,"system":false,"type":"text"},{"autogeneratePattern":"","hidden":false,"id":"text4274335913","max":0,"min":0,"name":"content","pattern":"","presentable":false,"primaryKey":false,"required":true,"system":false,"type":"text"},{"hidden":false,"id":"bool216753466","name":"is_secret","presentable":false,"required":false,"system":false,"type":"bool"},{"hidden":false,"id":"select2063623452","maxSelect":1,"name":"status","presentable":false,"required":true,"system":false,"type":"select","values":["pending","answered","hidden"]},{"autogeneratePattern":"","hidden":false,"id":"text3671935525","max":0,"min":0,"name":"answer","pattern":"","presentable":false,"primaryKey":false,"required":false,"system":false,"type":"text"},{"autogeneratePattern":"","hidden":false,"id":"text1825864417","max":0,"min":0,"name":"answered_at","pattern":"","presentable":false,"primaryKey":false,"required":false,"system":false,"type":"text"},{"autogeneratePattern":"","hidden":false,"id":"text961041823","max":0,"min":0,"name":"answered_by","pattern":"","presentable":false,"primaryKey":false,"required":false,"system":false,"type":"text"}]', 'pbc_4070591049', '[]', NULL, 'product_inquiries', '{}', false, 'base', NULL, '2026-07-02 15:49:20.711Z', NULL)
[0.00ms] CREATE TABLE `product_inquiries` (`answer` TEXT DEFAULT '' NOT NULL, `answered_at` TEXT DEFAULT '' NOT NULL, `answered_by` TEXT DEFAULT '' NOT NULL, `author_name` TEXT DEFAULT '' NOT NULL, `content` TEXT DEFAULT '' NOT NULL, `id` TEXT PRIMARY KEY DEFAULT ('r'||lower(hex(randomblob(7)))) NOT NULL, `is_secret` BOOLEAN DEFAULT FALSE NOT NULL, `product` TEXT DEFAULT '' NOT NULL, `status` TEXT DEFAULT '' NOT NULL, `title` TEXT DEFAULT '' NOT NULL, `user` TEXT DEFAULT '' NOT NULL)
[0.00ms] PRAGMA optimize
[0.00ms] SELECT `_collections`.* FROM `_collections` WHERE `type`='view' ORDER BY `rowid` ASC
[0.00ms] SELECT `_collections`.* FROM `_collections` ORDER BY `rowid` ASC
[0.00ms] INSERT INTO `_migrations` (`applied`, `file`) VALUES (1783007360724557, '1786000000_add_product_inquiries.js')
2026/07/03 00:49:20 Server started at http://127.0.0.1:8099
├─ REST API:  http://127.0.0.1:8099/api/
└─ Dashboard: http://127.0.0.1:8099/_/
[1.00ms] SELECT count(*) FROM `_superusers` WHERE NOT (`email`='__pbinstaller@example.com')
[0.00ms] SELECT `products`.* FROM `products` WHERE `products`.`id`='bmw-keychain' LIMIT 1
[0.00ms] SELECT `products`.* FROM `products` WHERE `products`.`slug` = 'bmw-keychain' LIMIT 1
[3.00ms] SELECT `products`.* FROM `products` WHERE `products`.`id`='bmw-keychain' LIMIT 1
[0.00ms] SELECT `product_inquiries`.* FROM `product_inquiries` WHERE `product_inquiries`.`product` = 'l5ytj60prag1o42' LIMIT 100
[0.00ms] SELECT `products`.* FROM `products` WHERE `products`.`slug` = 'bmw-keychain' LIMIT 1
INFO GET /api/products/bmw-keychain/inquiries?offset=0&limit=20
[0.00ms] SELECT `product_comments`.* FROM `product_comments` WHERE (`product_comments`.`product` = 'l5ytj60prag1o42' AND `product_comments`.`status` = 'published') LIMIT 100
[0.00ms] SELECT `product_comments`.* FROM `product_comments` WHERE (`product_comments`.`product` = 'l5ytj60prag1o42' AND `product_comments`.`status` = 'published') LIMIT 100
INFO GET /api/products/bmw-keychain/comments?offset=0&limit=20
[0.00ms] SELECT `products`.* FROM `products` WHERE `products`.`id`='s1nhg1kvba4x35s' LIMIT 1
INFO GET /api/files/products/s1nhg1kvba4x35s/4a7728e8429b65adcf2e096dd0f1ea4f_oye1wf8khz.jpg
ERROR GET /favicon.ico
└─ File not found.
[0.00ms] SELECT `products`.* FROM `products` WHERE `products`.`id`='bmw-keychain' LIMIT 1
[1.00ms] SELECT `products`.* FROM `products` WHERE `products`.`slug` = 'bmw-keychain' LIMIT 1
[0.00ms] SELECT `product_inquiries`.* FROM `product_inquiries` WHERE `product_inquiries`.`product` = 'l5ytj60prag1o42' LIMIT 100
INFO GET /api/products/bmw-keychain/inquiries?offset=0&limit=20
ERROR GET /favicon.ico
└─ File not found.
[0.00ms] SELECT `products`.* FROM `products` WHERE `products`.`id`='bmw-keychain' LIMIT 1
[0.00ms] SELECT `products`.* FROM `products` WHERE `products`.`slug` = 'bmw-keychain' LIMIT 1
[1.00ms] SELECT `product_inquiries`.* FROM `product_inquiries` WHERE `product_inquiries`.`product` = 'l5ytj60prag1o42' LIMIT 100
[0.00ms] SELECT `products`.* FROM `products` WHERE `products`.`id`='bmw-keychain' LIMIT 1
[0.00ms] SELECT `products`.* FROM `products` WHERE `products`.`slug` = 'bmw-keychain' LIMIT 1
[0.00ms] SELECT `product_comments`.* FROM `product_comments` WHERE (`product_comments`.`product` = 'l5ytj60prag1o42' AND `product_comments`.`status` = 'published') LIMIT 100
[0.00ms] SELECT `product_comments`.* FROM `product_comments` WHERE (`product_comments`.`product` = 'l5ytj60prag1o42' AND `product_comments`.`status` = 'published') LIMIT 100
INFO GET /api/products/bmw-keychain/comments?offset=0&limit=20
INFO GET /api/products/bmw-keychain/inquiries?offset=0&limit=20
[0.00ms] SELECT `products`.* FROM `products` WHERE `products`.`id`='bmw-keychain' LIMIT 1
[0.00ms] SELECT `products`.* FROM `products` WHERE `products`.`slug` = 'bmw-keychain' LIMIT 1
[0.00ms] SELECT `product_inquiries`.* FROM `product_inquiries` WHERE `product_inquiries`.`product` = 'l5ytj60prag1o42' LIMIT 100
[0.00ms] SELECT `products`.* FROM `products` WHERE `products`.`id`='bmw-keychain' LIMIT 1
[0.00ms] SELECT `products`.* FROM `products` WHERE `products`.`slug` = 'bmw-keychain' LIMIT 1
[0.00ms] SELECT `product_comments`.* FROM `product_comments` WHERE (`product_comments`.`product` = 'l5ytj60prag1o42' AND `product_comments`.`status` = 'published') LIMIT 100
[0.00ms] SELECT `product_comments`.* FROM `product_comments` WHERE (`product_comments`.`product` = 'l5ytj60prag1o42' AND `product_comments`.`status` = 'published') LIMIT 100
INFO GET /api/products/bmw-keychain/inquiries?offset=0&limit=20
INFO GET /api/products/bmw-keychain/comments?offset=0&limit=20
[0.00ms] SELECT `products`.* FROM `products` WHERE `products`.`id`='bmw-keychain' LIMIT 1
[0.00ms] SELECT `products`.* FROM `products` WHERE `products`.`slug` = 'bmw-keychain' LIMIT 1
[8.00ms] SELECT `product_inquiries`.* FROM `product_inquiries` WHERE `product_inquiries`.`product` = 'l5ytj60prag1o42' LIMIT 100
ERROR GET /favicon.ico
└─ File not found.
[1.00ms] SELECT `products`.* FROM `products` WHERE `products`.`id`='bmw-keychain' LIMIT 1
[0.00ms] SELECT `products`.* FROM `products` WHERE `products`.`slug` = 'bmw-keychain' LIMIT 1
INFO GET /api/products/bmw-keychain/inquiries?offset=0&limit=20
[3.00ms] SELECT `products`.* FROM `products` WHERE `products`.`id`='bmw-keychain' LIMIT 1
[0.00ms] SELECT `product_comments`.* FROM `product_comments` WHERE (`product_comments`.`product` = 'l5ytj60prag1o42' AND `product_comments`.`status` = 'published') LIMIT 100
[0.00ms] SELECT `product_comments`.* FROM `product_comments` WHERE (`product_comments`.`product` = 'l5ytj60prag1o42' AND `product_comments`.`status` = 'published') LIMIT 100
[1.00ms] SELECT `products`.* FROM `products` WHERE `products`.`slug` = 'bmw-keychain' LIMIT 1
[0.00ms] SELECT `product_comments`.* FROM `product_comments` WHERE (`product_comments`.`product` = 'l5ytj60prag1o42' AND `product_comments`.`status` = 'published') LIMIT 100
[0.00ms] SELECT `product_comments`.* FROM `product_comments` WHERE (`product_comments`.`product` = 'l5ytj60prag1o42' AND `product_comments`.`status` = 'published') LIMIT 100
INFO GET /api/products/bmw-keychain/comments?offset=0&limit=20
INFO GET /api/products/bmw-keychain/comments?offset=0&limit=20
[0.00ms] SELECT `products`.* FROM `products` WHERE `products`.`id`='s1nhg1kvba4x35s' LIMIT 1
INFO GET /api/files/products/s1nhg1kvba4x35s/4a7728e8429b65adcf2e096dd0f1ea4f_oye1wf8khz.jpg
ERROR GET /favicon.ico
└─ File not found.
[0.00ms] SELECT `products`.* FROM `products` WHERE `products`.`id`='bmw-keychain' LIMIT 1
[0.00ms] SELECT `products`.* FROM `products` WHERE `products`.`slug` = 'bmw-keychain' LIMIT 1
[0.00ms] SELECT `product_inquiries`.* FROM `product_inquiries` WHERE `product_inquiries`.`product` = 'l5ytj60prag1o42' LIMIT 100
INFO GET /api/products/bmw-keychain/inquiries?offset=0&limit=20
[0.00ms] SELECT `products`.* FROM `products` WHERE `products`.`id`='bmw-keychain' LIMIT 1
[0.00ms] SELECT `products`.* FROM `products` WHERE `products`.`slug` = 'bmw-keychain' LIMIT 1
[0.00ms] SELECT `product_comments`.* FROM `product_comments` WHERE (`product_comments`.`product` = 'l5ytj60prag1o42' AND `product_comments`.`status` = 'published') LIMIT 100
[0.00ms] SELECT `product_comments`.* FROM `product_comments` WHERE (`product_comments`.`product` = 'l5ytj60prag1o42' AND `product_comments`.`status` = 'published') LIMIT 100
[0.00ms] SELECT `products`.* FROM `products` WHERE `products`.`id`='bmw-keychain' LIMIT 1
INFO GET /api/products/bmw-keychain/comments?offset=0&limit=20
[0.00ms] SELECT `products`.* FROM `products` WHERE `products`.`slug` = 'bmw-keychain' LIMIT 1
[0.00ms] SELECT `product_inquiries`.* FROM `product_inquiries` WHERE `product_inquiries`.`product` = 'l5ytj60prag1o42' LIMIT 100
INFO GET /api/products/bmw-keychain/inquiries?offset=0&limit=20
[0.00ms] SELECT `products`.* FROM `products` WHERE `products`.`id`='bmw-keychain' LIMIT 1
[0.00ms] SELECT `products`.* FROM `products` WHERE `products`.`slug` = 'bmw-keychain' LIMIT 1
[0.00ms] SELECT `product_comments`.* FROM `product_comments` WHERE (`product_comments`.`product` = 'l5ytj60prag1o42' AND `product_comments`.`status` = 'published') LIMIT 100
[0.00ms] SELECT `product_comments`.* FROM `product_comments` WHERE (`product_comments`.`product` = 'l5ytj60prag1o42' AND `product_comments`.`status` = 'published') LIMIT 100
INFO GET /api/products/bmw-keychain/comments?offset=0&limit=20
ERROR GET /favicon.ico
└─ File not found.
[0.00ms] SELECT `products`.* FROM `products` WHERE `products`.`id`='bmw-keychain' LIMIT 1
[0.00ms] SELECT `products`.* FROM `products` WHERE `products`.`id`='bmw-keychain' LIMIT 1
[0.00ms] SELECT `products`.* FROM `products` WHERE `products`.`slug` = 'bmw-keychain' LIMIT 1
[0.00ms] SELECT `products`.* FROM `products` WHERE `products`.`slug` = 'bmw-keychain' LIMIT 1
[0.00ms] SELECT `product_inquiries`.* FROM `product_inquiries` WHERE `product_inquiries`.`product` = 'l5ytj60prag1o42' LIMIT 100
[0.00ms] SELECT `product_comments`.* FROM `product_comments` WHERE (`product_comments`.`product` = 'l5ytj60prag1o42' AND `product_comments`.`status` = 'published') LIMIT 100
INFO GET /api/products/bmw-keychain/inquiries?offset=0&limit=20
[0.00ms] SELECT `product_comments`.* FROM `product_comments` WHERE (`product_comments`.`product` = 'l5ytj60prag1o42' AND `product_comments`.`status` = 'published') LIMIT 100
INFO GET /api/products/bmw-keychain/comments?offset=0&limit=20
[0.00ms] SELECT `products`.* FROM `products` WHERE `products`.`id`='bmw-keychain' LIMIT 1
[0.00ms] SELECT `products`.* FROM `products` WHERE `products`.`slug` = 'bmw-keychain' LIMIT 1
[0.00ms] SELECT `products`.* FROM `products` WHERE `products`.`id`='bmw-keychain' LIMIT 1
[0.00ms] SELECT `product_inquiries`.* FROM `product_inquiries` WHERE `product_inquiries`.`product` = 'l5ytj60prag1o42' LIMIT 100
[0.00ms] SELECT `products`.* FROM `products` WHERE `products`.`slug` = 'bmw-keychain' LIMIT 1
INFO GET /api/products/bmw-keychain/inquiries?offset=0&limit=20
[0.00ms] SELECT `product_comments`.* FROM `product_comments` WHERE (`product_comments`.`product` = 'l5ytj60prag1o42' AND `product_comments`.`status` = 'published') LIMIT 100
[0.00ms] SELECT `product_comments`.* FROM `product_comments` WHERE (`product_comments`.`product` = 'l5ytj60prag1o42' AND `product_comments`.`status` = 'published') LIMIT 100
INFO GET /api/products/bmw-keychain/comments?offset=0&limit=20
ERROR GET /favicon.ico
└─ File not found.
[4.00ms] SELECT `_collections`.* FROM `_collections` WHERE `type`='auth' ORDER BY `rowid` ASC
[4.00ms] SELECT `_collections`.* FROM `_collections` WHERE `type`='auth' ORDER BY `rowid` ASC
[0.00ms] SELECT `_otps`.* FROM `_otps` WHERE (`collectionRef`='pbc_3142635823') AND (`created` < '2026-07-02 15:57:00.007Z')
[0.00ms] SELECT `_mfas`.* FROM `_mfas` WHERE (`collectionRef`='pbc_3142635823') AND (`created` < '2026-07-02 15:30:00.009Z')
[0.00ms] SELECT `_otps`.* FROM `_otps` WHERE (`collectionRef`='_pb_users_auth_') AND (`created` < '2026-07-02 15:57:00.010Z')
[0.00ms] SELECT `_mfas`.* FROM `_mfas` WHERE (`collectionRef`='_pb_users_auth_') AND (`created` < '2026-07-02 15:30:00.026Z')
[3.00ms] SELECT `products`.* FROM `products` WHERE `products`.`id`='s1nhg1kvba4x35s' LIMIT 1
INFO GET /api/files/products/s1nhg1kvba4x35s/4a7728e8429b65adcf2e096dd0f1ea4f_oye1wf8khz.jpg
ERROR GET /favicon.ico
└─ File not found.
[0.00ms] SELECT `products`.* FROM `products` WHERE `products`.`id`='오리' LIMIT 1
[0.00ms] SELECT `products`.* FROM `products` WHERE `products`.`slug` = '오리' LIMIT 1
[0.00ms] SELECT `product_inquiries`.* FROM `product_inquiries` WHERE `product_inquiries`.`product` = 's1nhg1kvba4x35s' LIMIT 100
INFO GET /api/products/오리/inquiries?offset=0&limit=20
[0.00ms] SELECT `products`.* FROM `products` WHERE `products`.`id`='오리' LIMIT 1
[0.00ms] SELECT `products`.* FROM `products` WHERE `products`.`slug` = '오리' LIMIT 1
[0.00ms] SELECT `product_comments`.* FROM `product_comments` WHERE (`product_comments`.`product` = 's1nhg1kvba4x35s' AND `product_comments`.`status` = 'published') LIMIT 100
[0.00ms] SELECT `product_comments`.* FROM `product_comments` WHERE (`product_comments`.`product` = 's1nhg1kvba4x35s' AND `product_comments`.`status` = 'published') LIMIT 100
INFO GET /api/products/오리/comments?offset=0&limit=20
[2.00ms] SELECT `products`.* FROM `products` WHERE `products`.`id`='s1nhg1kvba4x35s' LIMIT 1
[2.00ms] SELECT `products`.* FROM `products` WHERE `products`.`id`='오리' LIMIT 1
[0.00ms] SELECT `products`.* FROM `products` WHERE `products`.`slug` = '오리' LIMIT 1
[0.00ms] SELECT `products`.* FROM `products` WHERE `products`.`id`='오리' LIMIT 1
INFO GET /api/files/pbc_4092854851/s1nhg1kvba4x35s/4a7728e8429b65adcf2e096dd0f1ea4f_oye1wf8khz.jpg
[0.00ms] SELECT `product_inquiries`.* FROM `product_inquiries` WHERE `product_inquiries`.`product` = 's1nhg1kvba4x35s' LIMIT 100
[0.00ms] SELECT `products`.* FROM `products` WHERE `products`.`slug` = '오리' LIMIT 1
INFO GET /api/products/오리/inquiries?offset=0&limit=20
[0.00ms] SELECT `product_comments`.* FROM `product_comments` WHERE (`product_comments`.`product` = 's1nhg1kvba4x35s' AND `product_comments`.`status` = 'published') LIMIT 100
[0.00ms] SELECT `product_comments`.* FROM `product_comments` WHERE (`product_comments`.`product` = 's1nhg1kvba4x35s' AND `product_comments`.`status` = 'published') LIMIT 100
INFO GET /api/products/오리/comments?offset=0&limit=20
[0.00ms] SELECT `products`.* FROM `products` WHERE `products`.`id`='오리' LIMIT 1
[0.00ms] SELECT `products`.* FROM `products` WHERE `products`.`id`='오리' LIMIT 1
[0.00ms] SELECT `products`.* FROM `products` WHERE `products`.`slug` = '오리' LIMIT 1
[0.00ms] SELECT `products`.* FROM `products` WHERE `products`.`slug` = '오리' LIMIT 1
[0.00ms] SELECT `product_inquiries`.* FROM `product_inquiries` WHERE `product_inquiries`.`product` = 's1nhg1kvba4x35s' LIMIT 100
[0.00ms] SELECT `product_comments`.* FROM `product_comments` WHERE (`product_comments`.`product` = 's1nhg1kvba4x35s' AND `product_comments`.`status` = 'published') LIMIT 100
INFO GET /api/products/오리/inquiries?offset=0&limit=20
[0.00ms] SELECT `product_comments`.* FROM `product_comments` WHERE (`product_comments`.`product` = 's1nhg1kvba4x35s' AND `product_comments`.`status` = 'published') LIMIT 100
INFO GET /api/products/오리/comments?offset=0&limit=20
[0.00ms] SELECT `products`.* FROM `products` WHERE `products`.`id`='오리' LIMIT 1
[0.00ms] SELECT `products`.* FROM `products` WHERE `products`.`slug` = '오리' LIMIT 1
[0.00ms] SELECT `products`.* FROM `products` WHERE `products`.`id`='오리' LIMIT 1
[0.00ms] SELECT `product_inquiries`.* FROM `product_inquiries` WHERE `product_inquiries`.`product` = 's1nhg1kvba4x35s' LIMIT 100
[0.00ms] SELECT `products`.* FROM `products` WHERE `products`.`slug` = '오리' LIMIT 1
INFO GET /api/products/오리/inquiries?offset=0&limit=20
[0.00ms] SELECT `product_comments`.* FROM `product_comments` WHERE (`product_comments`.`product` = 's1nhg1kvba4x35s' AND `product_comments`.`status` = 'published') LIMIT 100
[0.00ms] SELECT `product_comments`.* FROM `product_comments` WHERE (`product_comments`.`product` = 's1nhg1kvba4x35s' AND `product_comments`.`status` = 'published') LIMIT 100
INFO GET /api/products/오리/comments?offset=0&limit=20
INFO GET /api/collections/users/auth-methods?fields=mfa,otp,password,oauth2
[0.00ms] SELECT `users`.* FROM `users` WHERE `email`='test@gmail.com' LIMIT 1
[0.00ms] SELECT `_authOrigins`.* FROM `_authOrigins` WHERE `collectionRef`='_pb_users_auth_' AND `recordRef`='zkil2iec3719s8s' ORDER BY `created` DESC
[0.00ms] SELECT `_collections`.* FROM `_collections` WHERE `id`='_pb_users_auth_'
[0.00ms] SELECT (1) FROM `users` WHERE `id`='zkil2iec3719s8s' LIMIT 1
[2.00ms] UPDATE `_authOrigins` SET `collectionRef`='_pb_users_auth_', `created`='2026-07-02 13:54:15.836Z', `fingerprint`='580d06b833c946095cda7c271b0e07bf', `id`='4jm5h96ialecj51', `recordRef`='zkil2iec3719s8s', `updated`='2026-07-02 16:07:07.854Z' WHERE `id`='4jm5h96ialecj51'
INFO POST /api/collections/users/auth-with-password
[0.00ms] SELECT `users`.* FROM `users` WHERE `users`.`id`='zkil2iec3719s8s' LIMIT 1
[0.00ms] SELECT `users`.* FROM `users` WHERE `users`.`id`='zkil2iec3719s8s' LIMIT 1
[0.00ms] SELECT `products`.* FROM `products` WHERE `products`.`id`='오리' LIMIT 1
[0.00ms] SELECT `products`.* FROM `products` WHERE `products`.`slug` = '오리' LIMIT 1
[0.00ms] SELECT `products`.* FROM `products` WHERE `products`.`id`='오리' LIMIT 1
[0.00ms] SELECT `product_inquiries`.* FROM `product_inquiries` WHERE `product_inquiries`.`product` = 's1nhg1kvba4x35s' LIMIT 100
[0.00ms] SELECT `products`.* FROM `products` WHERE `products`.`slug` = '오리' LIMIT 1
INFO GET /api/products/오리/inquiries?offset=0&limit=20
[0.00ms] SELECT `product_comments`.* FROM `product_comments` WHERE (`product_comments`.`product` = 's1nhg1kvba4x35s' AND `product_comments`.`status` = 'published') LIMIT 100
[0.00ms] SELECT `users`.* FROM `users` WHERE `users`.`id`='zkil2iec3719s8s' LIMIT 1
[0.00ms] SELECT `product_comments`.* FROM `product_comments` WHERE (`product_comments`.`product` = 's1nhg1kvba4x35s' AND `product_comments`.`status` = 'published') LIMIT 100
[0.00ms] SELECT `orders`.* FROM `orders` WHERE `orders`.`user` = 'zkil2iec3719s8s' LIMIT 100
[0.00ms] SELECT `order_items`.* FROM `order_items` WHERE (`order_items`.`order` = 'czxcyqz03wpbjlh' AND `order_items`.`product` = 's1nhg1kvba4x35s') LIMIT 1
[0.00ms] SELECT `products`.* FROM `products` WHERE `products`.`id`='오리' LIMIT 1
[0.00ms] SELECT `product_comments`.* FROM `product_comments` WHERE (`product_comments`.`product` = 's1nhg1kvba4x35s' AND `product_comments`.`user` = 'zkil2iec3719s8s') LIMIT 1
[0.00ms] SELECT `products`.* FROM `products` WHERE `products`.`slug` = '오리' LIMIT 1
INFO GET /api/products/오리/comments?offset=0&limit=20
[0.00ms] SELECT `product_inquiries`.* FROM `product_inquiries` WHERE `product_inquiries`.`product` = 's1nhg1kvba4x35s' LIMIT 100
[0.00ms] SELECT `users`.* FROM `users` WHERE `users`.`id`='zkil2iec3719s8s' LIMIT 1
INFO GET /api/products/오리/inquiries?offset=0&limit=20
[0.00ms] SELECT `products`.* FROM `products` WHERE `products`.`id`='오리' LIMIT 1
[0.00ms] SELECT `products`.* FROM `products` WHERE `products`.`slug` = '오리' LIMIT 1
[0.00ms] SELECT `product_comments`.* FROM `product_comments` WHERE (`product_comments`.`product` = 's1nhg1kvba4x35s' AND `product_comments`.`status` = 'published') LIMIT 100
[0.00ms] SELECT `product_comments`.* FROM `product_comments` WHERE (`product_comments`.`product` = 's1nhg1kvba4x35s' AND `product_comments`.`status` = 'published') LIMIT 100
[0.00ms] SELECT `orders`.* FROM `orders` WHERE `orders`.`user` = 'zkil2iec3719s8s' LIMIT 100
[0.00ms] SELECT `order_items`.* FROM `order_items` WHERE (`order_items`.`order` = 'czxcyqz03wpbjlh' AND `order_items`.`product` = 's1nhg1kvba4x35s') LIMIT 1
[0.00ms] SELECT `product_comments`.* FROM `product_comments` WHERE (`product_comments`.`product` = 's1nhg1kvba4x35s' AND `product_comments`.`user` = 'zkil2iec3719s8s') LIMIT 1
INFO GET /api/products/오리/comments?offset=0&limit=20
[1.00ms] SELECT `users`.* FROM `users` WHERE `users`.`id`='zkil2iec3719s8s' LIMIT 1
[0.00ms] SELECT `products`.* FROM `products` WHERE `products`.`id`='오리' LIMIT 1
[0.00ms] SELECT `products`.* FROM `products` WHERE `products`.`slug` = '오리' LIMIT 1
[0.00ms] SELECT `product_comments`.* FROM `product_comments` WHERE `product_comments`.`id`='wjxi1eclnqs1sn9' LIMIT 1
[0.00ms] SELECT count(*) FROM `products` WHERE `id`='s1nhg1kvba4x35s'
[0.00ms] SELECT count(*) FROM `users` WHERE `id`='zkil2iec3719s8s'
[0.00ms] UPDATE `product_comments` SET `author_name`='오잉', `content`='123fdsf', `id`='wjxi1eclnqs1sn9', `product`='s1nhg1kvba4x35s', `rating`=4, `status`='published', `user`='zkil2iec3719s8s' WHERE `id`='wjxi1eclnqs1sn9'
[0.00ms] SELECT `product_comments`.* FROM `product_comments` WHERE (`product_comments`.`product` = 's1nhg1kvba4x35s' AND `product_comments`.`status` = 'published') LIMIT 100
[0.00ms] SELECT `products`.* FROM `products` WHERE `products`.`id`='s1nhg1kvba4x35s' LIMIT 1
[0.00ms] SELECT `products`.* FROM `products` WHERE `products`.`id`='s1nhg1kvba4x35s' LIMIT 1
[0.00ms] SELECT count(*) FROM `categories` WHERE `id`='nsqhxs9qo6a9t3g'
[0.00ms] SELECT `products`.* FROM `products` WHERE `products`.`id`='s1nhg1kvba4x35s' LIMIT 1
[0.00ms] UPDATE `products` SET `category`='nsqhxs9qo6a9t3g', `description`='오이오리오잉', `discount_price`=20, `id`='s1nhg1kvba4x35s', `images`='["4a7728e8429b65adcf2e096dd0f1ea4f_oye1wf8khz.jpg"]', `name`='오리', `price`=200, `rating_average`=4, `rating_count`=1, `slug`='오리', `sort_order`=0, `stock`=20 WHERE `id`='s1nhg1kvba4x35s'
INFO PATCH /api/products/오리/comments/wjxi1eclnqs1sn9
[0.00ms] SELECT `users`.* FROM `users` WHERE `users`.`id`='zkil2iec3719s8s' LIMIT 1
[0.00ms] SELECT `products`.* FROM `products` WHERE `products`.`id`='오리' LIMIT 1
[0.00ms] SELECT `products`.* FROM `products` WHERE `products`.`slug` = '오리' LIMIT 1
[0.00ms] SELECT `product_comments`.* FROM `product_comments` WHERE `product_comments`.`id`='iujgup9dfbo3bjt' LIMIT 1
[0.00ms] SELECT count(*) FROM `products` WHERE `id`='s1nhg1kvba4x35s'
[0.00ms] SELECT count(*) FROM `users` WHERE `id`='zkil2iec3719s8s'
[0.00ms] UPDATE `product_comments` SET `author_name`='오잉', `content`='ㄹㅇㄴㄹㄴㄹ', `id`='iujgup9dfbo3bjt', `product`='s1nhg1kvba4x35s', `rating`=5, `status`='published', `user`='zkil2iec3719s8s' WHERE `id`='iujgup9dfbo3bjt'
[0.00ms] SELECT `product_comments`.* FROM `product_comments` WHERE (`product_comments`.`product` = 's1nhg1kvba4x35s' AND `product_comments`.`status` = 'published') LIMIT 100
[0.00ms] SELECT `products`.* FROM `products` WHERE `products`.`id`='s1nhg1kvba4x35s' LIMIT 1
[0.00ms] SELECT `products`.* FROM `products` WHERE `products`.`id`='s1nhg1kvba4x35s' LIMIT 1
[0.00ms] SELECT count(*) FROM `categories` WHERE `id`='nsqhxs9qo6a9t3g'
[0.00ms] SELECT `products`.* FROM `products` WHERE `products`.`id`='s1nhg1kvba4x35s' LIMIT 1
[0.00ms] UPDATE `products` SET `category`='nsqhxs9qo6a9t3g', `description`='오이오리오잉', `discount_price`=20, `id`='s1nhg1kvba4x35s', `images`='["4a7728e8429b65adcf2e096dd0f1ea4f_oye1wf8khz.jpg"]', `name`='오리', `price`=200, `rating_average`=4.5, `rating_count`=2, `slug`='오리', `sort_order`=0, `stock`=20 WHERE `id`='s1nhg1kvba4x35s'
INFO PATCH /api/products/오리/comments/iujgup9dfbo3bjt
[0.00ms] SELECT `users`.* FROM `users` WHERE `users`.`id`='zkil2iec3719s8s' LIMIT 1
[0.00ms] SELECT `products`.* FROM `products` WHERE `products`.`id`='오리' LIMIT 1
[0.00ms] SELECT `products`.* FROM `products` WHERE `products`.`slug` = '오리' LIMIT 1
[0.00ms] SELECT `_collections`.* FROM `_collections` WHERE `id`='product_inquiries' OR LOWER(`name`)='product_inquiries' LIMIT 1
[0.00ms] SELECT count(*) FROM `products` WHERE `id`='s1nhg1kvba4x35s'
[0.00ms] SELECT count(*) FROM `users` WHERE `id`='zkil2iec3719s8s'
[0.00ms] INSERT INTO `product_inquiries` (`answer`, `answered_at`, `answered_by`, `author_name`, `content`, `id`, `is_secret`, `product`, `status`, `title`, `user`) VALUES ('', '', '', '오잉', 'fdsafsdfdsfdsfdsfdsf', '6g3nz9ohrciwim9', true, 's1nhg1kvba4x35s', 'pending', 'fdsafdds', 'zkil2iec3719s8s')
INFO POST /api/products/오리/inquiries
INFO GET /api/collections/_superusers/auth-methods?fields=mfa,otp,password,oauth2
[0.00ms] SELECT `_superusers`.* FROM `_superusers` WHERE `email`='admin@test.com' LIMIT 1
[0.00ms] SELECT `_authOrigins`.* FROM `_authOrigins` WHERE `collectionRef`='pbc_3142635823' AND `recordRef`='7dehusmjzo3j9p1' ORDER BY `created` DESC
2026/07/03 01:08:33 Mail sent
├─ From: {Support support@example.com}
├─ To: [{ admin@test.com}]
├─ Cc: []
├─ Bcc: []
├─ Subject: Login from a new location
└─ HTML:
        <!DOCTYPE html PUBLIC "-//W3C//DTD XHTML 1.0 Strict//EN" "http://www.w3.org/TR/xhtml1/DTD/xhtml1-strict.dtd">
        <html xmlns="http://www.w3.org/1999/xhtml">
        <head>
            <meta http-equiv="Content-Type" content="text/html; charset=UTF-8" />
            <meta name="viewport" content="width=device-width,initial-scale=1" />
            <style>
                body, html {
                    padding: 0;
                    margin: 0;
                    border: 0;
                    color: #16161a;
                    background: #fff;
                    font-size: 14px;
                    line-height: 20px;
                    font-weight: normal;
                    font-family: Source Sans Pro, sans-serif, emoji;
                }
                body {
                    padding: 20px 30px;
                }
                strong {
                    font-weight: bold;
                }
                em, i {
                    font-style: italic;
                }
                p {
                    display: block;
                    margin: 10px 0;
                    font-family: inherit;
                }
                small {
                    font-size: 12px;
                    line-height: 16px;
                }
                hr {
                    display: block;
                    height: 1px;
                    border: 0;
                    width: 100%;
                    background: #e1e6ea;
                    margin: 10px 0;
                }
                a {
                    color: inherit;
                }
                .hidden {
                    display: none !important;
                }
                .btn {
                    display: inline-block;
                    vertical-align: top;
                    border: 0;
                    cursor: pointer;
                    color: #fff !important;
                    background: #16161a !important;
                    text-decoration: none !important;
                    line-height: 40px;
                    width: auto;
                    min-width: 150px;
                    text-align: center;
                    padding: 0 20px;
                    margin: 5px 0;
                    font-family: Source Sans Pro, sans-serif, emoji;;
                    font-size: 14px;
                    font-weight: bold;
                    border-radius: 6px;
                    box-sizing: border-box;
                }
            </style>
        </head>
        <body>
            <p>Hello,</p>
        <p>We noticed a login to your Acme account from a new location:</p>
        <p><em>2026-07-02 16:08:33.880Z - 127.0.0.1 Mozilla/5.0 (Windows NT 10.0; Win64; x64) AppleWebKit/537.36 (KHTML, like Gecko) Chrome/149.0.0.0 Safari/537.36 Edg/149.0.0.0</em></p>
        <p><strong>If this wasn't you, you should immediately change your Acme account password to revoke access from all other locations.</strong></p>
        <p>If this was you, you may disregard this email.</p>
        <p>
          Thanks,<br/>
          Acme team
        </p>
        </body>
        </html>
WARN [recordAuthResponse] Failed to send login alert
└─ {"error":"failed to locate a sendmail executable path"}
INFO POST /api/collections/_superusers/auth-with-password
[0.00ms] SELECT `_superusers`.* FROM `_superusers` WHERE `_superusers`.`id`='7dehusmjzo3j9p1' LIMIT 1
INFO GET /api/settings
[0.00ms] SELECT `_superusers`.* FROM `_superusers` WHERE `_superusers`.`id`='7dehusmjzo3j9p1' LIMIT 1
[0.00ms] SELECT `_superusers`.* FROM `_superusers` WHERE `_superusers`.`id`='7dehusmjzo3j9p1' LIMIT 1
[0.00ms] SELECT `_collections`.* FROM `_collections` LIMIT 1000
INFO GET /api/collections/meta/scaffolds
INFO GET /api/collections?page=1&perPage=1000&skipTotal=1
[0.00ms] SELECT `_superusers`.* FROM `_superusers` WHERE `_superusers`.`id`='7dehusmjzo3j9p1' LIMIT 1
[0.00ms] SELECT `users`.* FROM `users` ORDER BY `users`.`_rowid_` DESC LIMIT 40
[0.00ms] SELECT `_superusers`.* FROM `_superusers` WHERE `_superusers`.`id`='7dehusmjzo3j9p1' LIMIT 1
INFO GET /api/collections/_pb_users_auth_/records?page=1&perPage=40&sort=-@rowid&skipTotal=1&filter=&expand=&fields=
[0.00ms] SELECT `users`.* FROM `users` LIMIT 1
[0.00ms] SELECT COUNT(DISTINCT `users`.`_rowid_`) FROM `users`
INFO GET /api/collections/_pb_users_auth_/records?page=1&perPage=1&filter=&fields=id
ERROR GET /favicon.ico
└─ File not found.
[0.00ms] SELECT `_superusers`.* FROM `_superusers` WHERE `email`='admin@test.com' LIMIT 1
[0.00ms] SELECT `_authOrigins`.* FROM `_authOrigins` WHERE `collectionRef`='pbc_3142635823' AND `recordRef`='7dehusmjzo3j9p1' ORDER BY `created` DESC
2026/07/03 01:09:19 Mail sent
├─ From: {Support support@example.com}
├─ To: [{ admin@test.com}]
├─ Cc: []
├─ Bcc: []
├─ Subject: Login from a new location
└─ HTML:
        <!DOCTYPE html PUBLIC "-//W3C//DTD XHTML 1.0 Strict//EN" "http://www.w3.org/TR/xhtml1/DTD/xhtml1-strict.dtd">
        <html xmlns="http://www.w3.org/1999/xhtml">
        <head>
            <meta http-equiv="Content-Type" content="text/html; charset=UTF-8" />
            <meta name="viewport" content="width=device-width,initial-scale=1" />
            <style>
                body, html {
                    padding: 0;
                    margin: 0;
                    border: 0;
                    color: #16161a;
                    background: #fff;
                    font-size: 14px;
                    line-height: 20px;
                    font-weight: normal;
                    font-family: Source Sans Pro, sans-serif, emoji;
                }
                body {
                    padding: 20px 30px;
                }
                strong {
                    font-weight: bold;
                }
                em, i {
                    font-style: italic;
                }
                p {
                    display: block;
                    margin: 10px 0;
                    font-family: inherit;
                }
                small {
                    font-size: 12px;
                    line-height: 16px;
                }
                hr {
                    display: block;
                    height: 1px;
                    border: 0;
                    width: 100%;
                    background: #e1e6ea;
                    margin: 10px 0;
                }
                a {
                    color: inherit;
                }
                .hidden {
                    display: none !important;
                }
                .btn {
                    display: inline-block;
                    vertical-align: top;
                    border: 0;
                    cursor: pointer;
                    color: #fff !important;
                    background: #16161a !important;
                    text-decoration: none !important;
                    line-height: 40px;
                    width: auto;
                    min-width: 150px;
                    text-align: center;
                    padding: 0 20px;
                    margin: 5px 0;
                    font-family: Source Sans Pro, sans-serif, emoji;;
                    font-size: 14px;
                    font-weight: bold;
                    border-radius: 6px;
                    box-sizing: border-box;
                }
            </style>
        </head>
        <body>
            <p>Hello,</p>
        <p>We noticed a login to your Acme account from a new location:</p>
        <p><em>2026-07-02 16:09:19.053Z - 127.0.0.1 Mozilla/5.0 (Windows NT 10.0; Win64; x64) AppleWebKit/537.36 (KHTML, like Gecko) Chrome/149.0.0.0 Safari/537.36 Edg/149.0.0.0</em></p>
        <p><strong>If this wasn't you, you should immediately change your Acme account password to revoke access from all other locations.</strong></p>
        <p>If this was you, you may disregard this email.</p>
        <p>
          Thanks,<br/>
          Acme team
        </p>
        </body>
        </html>
WARN [recordAuthResponse] Failed to send login alert
└─ {"error":"failed to locate a sendmail executable path"}
INFO POST /api/collections/_superusers/auth-with-password
[0.00ms] SELECT `_superusers`.* FROM `_superusers` WHERE `_superusers`.`id`='7dehusmjzo3j9p1' LIMIT 1
[0.00ms] SELECT COUNT(DISTINCT `products`.`_rowid_`) FROM `products`
[0.00ms] SELECT `products`.* FROM `products` ORDER BY `products`.`sort_order` ASC LIMIT 50
[0.00ms] SELECT `categories`.* FROM `categories` WHERE `categories`.`id`='nsqhxs9qo6a9t3g'
INFO GET /api/collections/products/records?page=1&perPage=50&sort=sort_order&expand=category
[0.00ms] SELECT `products`.* FROM `products` WHERE `products`.`id`='s1nhg1kvba4x35s' LIMIT 1
INFO GET /api/files/products/s1nhg1kvba4x35s/4a7728e8429b65adcf2e096dd0f1ea4f_oye1wf8khz.jpg
[0.00ms] SELECT `_superusers`.* FROM `_superusers` WHERE `_superusers`.`id`='7dehusmjzo3j9p1' LIMIT 1
[0.00ms] SELECT `product_comments`.* FROM `product_comments` LIMIT 200
[0.00ms] SELECT COUNT(DISTINCT `product_comments`.`_rowid_`) FROM `product_comments`
[0.00ms] SELECT `products`.* FROM `products` WHERE `products`.`id` IN ('s1nhg1kvba4x35s', 's1nhg1kvba4x35s', 's1nhg1kvba4x35s')
[0.00ms] SELECT `users`.* FROM `users` WHERE `users`.`id` IN ('zkil2iec3719s8s', 'zkil2iec3719s8s', 'zkil2iec3719s8s')
INFO GET /api/collections/product_comments/records?page=1&perPage=200&expand=product,user
[0.00ms] SELECT `_superusers`.* FROM `_superusers` WHERE `_superusers`.`id`='7dehusmjzo3j9p1' LIMIT 1
[0.00ms] SELECT `product_inquiries`.* FROM `product_inquiries` LIMIT 200
[0.00ms] SELECT COUNT(DISTINCT `product_inquiries`.`_rowid_`) FROM `product_inquiries`
[0.00ms] SELECT `products`.* FROM `products` WHERE `products`.`id`='s1nhg1kvba4x35s'
[0.00ms] SELECT `users`.* FROM `users` WHERE `users`.`id`='zkil2iec3719s8s'
INFO GET /api/collections/product_inquiries/records?page=1&perPage=200&expand=product,user
[0.00ms] SELECT `_superusers`.* FROM `_superusers` WHERE `_superusers`.`id`='7dehusmjzo3j9p1' LIMIT 1
[0.00ms] SELECT `product_inquiries`.* FROM `product_inquiries` WHERE `product_inquiries`.`id`='6g3nz9ohrciwim9' LIMIT 1
[0.00ms] SELECT count(*) FROM `products` WHERE `id`='s1nhg1kvba4x35s'
[0.00ms] SELECT count(*) FROM `users` WHERE `id`='zkil2iec3719s8s'
[0.00ms] UPDATE `product_inquiries` SET `answer`='fdsafdsafadsf123123213', `answered_at`='2026-07-02T16:09:37.629Z', `answered_by`='admin@test.com', `author_name`='오잉', `content`='fdsafsdfdsfdsfdsfdsf', `id`='6g3nz9ohrciwim9', `is_secret`=true, `product`='s1nhg1kvba4x35s', `status`='answered', `title`='fdsafdds', `user`='zkil2iec3719s8s' WHERE `id`='6g3nz9ohrciwim9'
INFO POST /api/cms/inquiries/6g3nz9ohrciwim9/answer
[0.00ms] SELECT `_superusers`.* FROM `_superusers` WHERE `_superusers`.`id`='7dehusmjzo3j9p1' LIMIT 1
[0.00ms] SELECT `product_inquiries`.* FROM `product_inquiries` WHERE `product_inquiries`.`id`='6g3nz9ohrciwim9' LIMIT 1
[0.00ms] SELECT count(*) FROM `products` WHERE `id`='s1nhg1kvba4x35s'
[0.00ms] SELECT count(*) FROM `users` WHERE `id`='zkil2iec3719s8s'
[0.00ms] UPDATE `product_inquiries` SET `answer`='fdsafdsafadsf123123213', `answered_at`='2026-07-02T16:09:41.452Z', `answered_by`='admin@test.com', `author_name`='오잉', `content`='fdsafsdfdsfdsfdsfdsf', `id`='6g3nz9ohrciwim9', `is_secret`=true, `product`='s1nhg1kvba4x35s', `status`='answered', `title`='fdsafdds', `user`='zkil2iec3719s8s' WHERE `id`='6g3nz9ohrciwim9'
INFO POST /api/cms/inquiries/6g3nz9ohrciwim9/answer
[0.00ms] SELECT `products`.* FROM `products` WHERE `products`.`id`='bmw-keychain' LIMIT 1
[0.00ms] SELECT `products`.* FROM `products` WHERE `products`.`slug` = 'bmw-keychain' LIMIT 1
[0.00ms] SELECT `product_inquiries`.* FROM `product_inquiries` WHERE `product_inquiries`.`product` = 'l5ytj60prag1o42' LIMIT 100
INFO GET /api/products/bmw-keychain/inquiries
[0.00ms] SELECT `users`.* FROM `users` WHERE `users`.`id`='zkil2iec3719s8s' LIMIT 1
[0.00ms] SELECT `users`.* FROM `users` WHERE `users`.`id`='zkil2iec3719s8s' LIMIT 1
[0.00ms] SELECT `products`.* FROM `products` WHERE `products`.`id`='오리' LIMIT 1
[0.00ms] SELECT `products`.* FROM `products` WHERE `products`.`slug` = '오리' LIMIT 1
[0.00ms] SELECT `products`.* FROM `products` WHERE `products`.`id`='오리' LIMIT 1
[0.00ms] SELECT `product_inquiries`.* FROM `product_inquiries` WHERE `product_inquiries`.`product` = 's1nhg1kvba4x35s' LIMIT 100
[0.00ms] SELECT `products`.* FROM `products` WHERE `products`.`slug` = '오리' LIMIT 1
INFO GET /api/products/오리/inquiries?offset=0&limit=20
[0.00ms] SELECT `product_comments`.* FROM `product_comments` WHERE (`product_comments`.`product` = 's1nhg1kvba4x35s' AND `product_comments`.`status` = 'published') LIMIT 100
[0.00ms] SELECT `users`.* FROM `users` WHERE `users`.`id`='zkil2iec3719s8s' LIMIT 1
[0.00ms] SELECT `product_comments`.* FROM `product_comments` WHERE (`product_comments`.`product` = 's1nhg1kvba4x35s' AND `product_comments`.`status` = 'published') LIMIT 100
[0.00ms] SELECT `orders`.* FROM `orders` WHERE `orders`.`user` = 'zkil2iec3719s8s' LIMIT 100
[0.00ms] SELECT `order_items`.* FROM `order_items` WHERE (`order_items`.`order` = 'czxcyqz03wpbjlh' AND `order_items`.`product` = 's1nhg1kvba4x35s') LIMIT 1
[0.00ms] SELECT `products`.* FROM `products` WHERE `products`.`id`='오리' LIMIT 1
[0.00ms] SELECT `product_comments`.* FROM `product_comments` WHERE (`product_comments`.`product` = 's1nhg1kvba4x35s' AND `product_comments`.`user` = 'zkil2iec3719s8s') LIMIT 1
[0.00ms] SELECT `products`.* FROM `products` WHERE `products`.`slug` = '오리' LIMIT 1
INFO GET /api/products/오리/comments?offset=0&limit=20
[0.00ms] SELECT `product_inquiries`.* FROM `product_inquiries` WHERE `product_inquiries`.`product` = 's1nhg1kvba4x35s' LIMIT 100
[0.00ms] SELECT `users`.* FROM `users` WHERE `users`.`id`='zkil2iec3719s8s' LIMIT 1
INFO GET /api/products/오리/inquiries?offset=0&limit=20
[0.00ms] SELECT `products`.* FROM `products` WHERE `products`.`id`='오리' LIMIT 1
[0.00ms] SELECT `products`.* FROM `products` WHERE `products`.`slug` = '오리' LIMIT 1
[0.00ms] SELECT `product_comments`.* FROM `product_comments` WHERE (`product_comments`.`product` = 's1nhg1kvba4x35s' AND `product_comments`.`status` = 'published') LIMIT 100
[0.00ms] SELECT `product_comments`.* FROM `product_comments` WHERE (`product_comments`.`product` = 's1nhg1kvba4x35s' AND `product_comments`.`status` = 'published') LIMIT 100
[0.00ms] SELECT `orders`.* FROM `orders` WHERE `orders`.`user` = 'zkil2iec3719s8s' LIMIT 100
[0.00ms] SELECT `order_items`.* FROM `order_items` WHERE (`order_items`.`order` = 'czxcyqz03wpbjlh' AND `order_items`.`product` = 's1nhg1kvba4x35s') LIMIT 1
[0.00ms] SELECT `product_comments`.* FROM `product_comments` WHERE (`product_comments`.`product` = 's1nhg1kvba4x35s' AND `product_comments`.`user` = 'zkil2iec3719s8s') LIMIT 1
INFO GET /api/products/오리/comments?offset=0&limit=20
[0.00ms] SELECT `users`.* FROM `users` WHERE `users`.`id`='zkil2iec3719s8s' LIMIT 1
INFO POST /api/collections/users/auth-refresh
[0.00ms] SELECT `products`.* FROM `products` WHERE `products`.`id`='오리' LIMIT 1
[0.00ms] SELECT `products`.* FROM `products` WHERE `products`.`id`='오리' LIMIT 1
[0.00ms] SELECT `products`.* FROM `products` WHERE `products`.`slug` = '오리' LIMIT 1
[0.00ms] SELECT `products`.* FROM `products` WHERE `products`.`slug` = '오리' LIMIT 1
[0.00ms] SELECT `product_inquiries`.* FROM `product_inquiries` WHERE `product_inquiries`.`product` = 's1nhg1kvba4x35s' LIMIT 100
[0.00ms] SELECT `product_comments`.* FROM `product_comments` WHERE (`product_comments`.`product` = 's1nhg1kvba4x35s' AND `product_comments`.`status` = 'published') LIMIT 100
INFO GET /api/products/오리/inquiries?offset=0&limit=20
[0.00ms] SELECT `product_comments`.* FROM `product_comments` WHERE (`product_comments`.`product` = 's1nhg1kvba4x35s' AND `product_comments`.`status` = 'published') LIMIT 100
INFO GET /api/products/오리/comments?offset=0&limit=20
[0.00ms] SELECT `products`.* FROM `products` WHERE `products`.`id`='오리' LIMIT 1
[0.00ms] SELECT `products`.* FROM `products` WHERE `products`.`slug` = '오리' LIMIT 1
[0.00ms] SELECT `product_inquiries`.* FROM `product_inquiries` WHERE `product_inquiries`.`product` = 's1nhg1kvba4x35s' LIMIT 100
[0.00ms] SELECT `products`.* FROM `products` WHERE `products`.`id`='오리' LIMIT 1
INFO GET /api/products/오리/inquiries?offset=0&limit=20
[0.00ms] SELECT `products`.* FROM `products` WHERE `products`.`slug` = '오리' LIMIT 1
[0.00ms] SELECT `product_comments`.* FROM `product_comments` WHERE (`product_comments`.`product` = 's1nhg1kvba4x35s' AND `product_comments`.`status` = 'published') LIMIT 100
[0.00ms] SELECT `product_comments`.* FROM `product_comments` WHERE (`product_comments`.`product` = 's1nhg1kvba4x35s' AND `product_comments`.`status` = 'published') LIMIT 100
INFO GET /api/products/오리/comments?offset=0&limit=20
ERROR GET /.well-known/appspecific/com.chrome.devtools.json
└─ File not found.
ERROR GET /.well-known/appspecific/com.chrome.devtools.json
└─ File not found.
